// Jest Snapshot v1, https://goo.gl/fbAQLP

exports[`header component test should render header 1`] = `
<div>
  <div
    class="MuiBox-root css-1nhtd43"
  >
    <h2
      class="MuiTypography-root MuiTypography-h2 css-o3dvd8-MuiTypography-root"
      data-testid="fullname"
    >
      <span
        data-testid="react-typed"
      >
        <span />
        <span
          aria-hidden="true"
          class="typed-cursor"
        >
          |
        </span>
      </span>
    </h2>
    <h5
      class="MuiTypography-root MuiTypography-h5 css-kcegrn-MuiTypography-root"
      data-testid="profession"
    >
      I am a
      <span
        style="margin: 0px 0.5rem; font-weight: 600; background: rgb(255, 99, 71); font-family: monospace; font-size: 2rem;"
      >
        <span
          data-testid="react-typed"
        >
          <span />
          <span
            aria-hidden="true"
            class="typed-cursor"
          >
            |
          </span>
        </span>
      </span>
    </h5>
    <button
      class="MuiButtonBase-root MuiButton-root MuiButton-contained MuiButton-containedPrimary MuiButton-sizeLarge MuiButton-containedSizeLarge MuiButton-colorPrimary MuiButton-root MuiButton-contained MuiButton-containedPrimary MuiButton-sizeLarge MuiButton-containedSizeLarge MuiButton-colorPrimary css-qnifjw-MuiButtonBase-root-MuiButton-root"
      tabindex="0"
      type="button"
    >
      see projects
      <span
        class="MuiTouchRipple-root css-8je8zh-MuiTouchRipple-root"
      />
    </button>
  </div>
</div>
`;
